 19:31:37 up  8:20,  2 users,  load average: 0.06, 0.61, 0.92
               total        used        free      shared  buff/cache   available
Mem:         3960644     1934928     1255284       34772      844724     2025716
Swap:        3783676     1068784     2714892
Filesystem      Size  Used Avail Use% Mounted on
tmpfs           387M  2.4M  385M   1% /run
/dev/sda2        20G   11G  7.9G  58% /
tmpfs           1.9G  4.0K  1.9G   1% /dev/shm
tmpfs           5.0M  8.0K  5.0M   1% /run/lock
tmpfs           387M  140K  387M   1% /run/user/1000
tmpfs           387M  2.6M  385M   1% /run/user/1001
 20:58:01 up  9:46,  2 users,  load average: 0.03, 0.06, 0.02
               total        used        free      shared  buff/cache   available
Mem:         3960644     2014412      936032       34180     1074968     1946232
Swap:        3783676      998440     2785236
Filesystem      Size  Used Avail Use% Mounted on
tmpfs           387M  2.4M  385M   1% /run
/dev/sda2        20G   11G  7.9G  58% /
tmpfs           1.9G  4.0K  1.9G   1% /dev/shm
tmpfs           5.0M  8.0K  5.0M   1% /run/lock
tmpfs           387M  140K  387M   1% /run/user/1000
tmpfs           387M  2.6M  385M   1% /run/user/1001
 20:59:01 up  9:47,  2 users,  load average: 0.01, 0.05, 0.01
               total        used        free      shared  buff/cache   available
Mem:         3960644     2014392      936032       34180     1075004     1946252
Swap:        3783676      998440     2785236
Filesystem      Size  Used Avail Use% Mounted on
tmpfs           387M  2.4M  385M   1% /run
/dev/sda2        20G   11G  7.9G  58% /
tmpfs           1.9G  4.0K  1.9G   1% /dev/shm
tmpfs           5.0M  8.0K  5.0M   1% /run/lock
tmpfs           387M  140K  387M   1% /run/user/1000
tmpfs           387M  2.6M  385M   1% /run/user/1001
 21:00:01 up  9:48,  2 users,  load average: 0.15, 0.07, 0.01
               total        used        free      shared  buff/cache   available
Mem:         3960644     2015340      935028       34180     1075044     1945304
Swap:        3783676      998428     2785248
Filesystem      Size  Used Avail Use% Mounted on
tmpfs           387M  2.4M  385M   1% /run
/dev/sda2        20G   11G  7.9G  58% /
tmpfs           1.9G  4.0K  1.9G   1% /dev/shm
tmpfs           5.0M  8.0K  5.0M   1% /run/lock
tmpfs           387M  140K  387M   1% /run/user/1000
tmpfs           387M  2.6M  385M   1% /run/user/1001
 21:01:01 up  9:49,  2 users,  load average: 0.10, 0.07, 0.01
               total        used        free      shared  buff/cache   available
Mem:         3960644     2013104      881424       34180     1130892     1947540
Swap:        3783676      998360     2785316
Filesystem      Size  Used Avail Use% Mounted on
tmpfs           387M  2.4M  385M   1% /run
/dev/sda2        20G   11G  7.9G  58% /
tmpfs           1.9G  4.0K  1.9G   1% /dev/shm
tmpfs           5.0M  8.0K  5.0M   1% /run/lock
tmpfs           387M  140K  387M   1% /run/user/1000
tmpfs           387M  2.6M  385M   1% /run/user/1001
 18:45:42 up  9:50,  2 users,  load average: 0.46, 0.15, 0.04
               total        used        free      shared  buff/cache   available
Mem:         3960644     2067008      641416       34204     1315848     1893636
Swap:        3783676      993240     2790436
Filesystem      Size  Used Avail Use% Mounted on
tmpfs           387M  2.4M  385M   1% /run
/dev/sda2        20G   11G  7.8G  58% /
tmpfs           1.9G  4.0K  1.9G   1% /dev/shm
tmpfs           5.0M  8.0K  5.0M   1% /run/lock
tmpfs           387M  140K  387M   1% /run/user/1000
tmpfs           387M  2.6M  385M   1% /run/user/1001
 18:46:01 up  9:51,  2 users,  load average: 0.52, 0.19, 0.06
               total        used        free      shared  buff/cache   available
Mem:         3960644     2041196      383120       34200     1575752     1919448
Swap:        3783676      993268     2790408
Filesystem      Size  Used Avail Use% Mounted on
tmpfs           387M  2.4M  385M   1% /run
/dev/sda2        20G   11G  7.8G  59% /
tmpfs           1.9G  4.0K  1.9G   1% /dev/shm
tmpfs           5.0M  8.0K  5.0M   1% /run/lock
tmpfs           387M  140K  387M   1% /run/user/1000
tmpfs           387M  2.6M  385M   1% /run/user/1001
 18:47:01 up  9:52,  2 users,  load average: 0.29, 0.18, 0.06
               total        used        free      shared  buff/cache   available
Mem:         3960644     2030664      392492       34200     1576840     1929980
Swap:        3783676      993232     2790444
Filesystem      Size  Used Avail Use% Mounted on
tmpfs           387M  2.4M  385M   1% /run
/dev/sda2        20G   11G  7.8G  59% /
tmpfs           1.9G  4.0K  1.9G   1% /dev/shm
tmpfs           5.0M  8.0K  5.0M   1% /run/lock
tmpfs           387M  140K  387M   1% /run/user/1000
tmpfs           387M  2.6M  385M   1% /run/user/1001
 18:48:01 up  9:53,  2 users,  load average: 0.10, 0.14, 0.06
               total        used        free      shared  buff/cache   available
Mem:         3960644     2042056      378792       34200     1579140     1918588
Swap:        3783676      992276     2791400
Filesystem      Size  Used Avail Use% Mounted on
tmpfs           387M  2.4M  385M   1% /run
/dev/sda2        20G   11G  7.8G  59% /
tmpfs           1.9G  4.0K  1.9G   1% /dev/shm
tmpfs           5.0M  8.0K  5.0M   1% /run/lock
tmpfs           387M  140K  387M   1% /run/user/1000
tmpfs           387M  2.6M  385M   1% /run/user/1001
 18:49:01 up  9:54,  2 users,  load average: 0.04, 0.12, 0.05
               total        used        free      shared  buff/cache   available
Mem:         3960644     2034032      386776       34200     1579172     1926612
Swap:        3783676      992276     2791400
Filesystem      Size  Used Avail Use% Mounted on
tmpfs           387M  2.4M  385M   1% /run
/dev/sda2        20G   11G  7.8G  59% /
tmpfs           1.9G  4.0K  1.9G   1% /dev/shm
tmpfs           5.0M  8.0K  5.0M   1% /run/lock
tmpfs           387M  140K  387M   1% /run/user/1000
tmpfs           387M  2.6M  385M   1% /run/user/1001
 18:50:01 up  9:55,  2 users,  load average: 0.17, 0.14, 0.06
               total        used        free      shared  buff/cache   available
Mem:         3960644     2035764      385028       34200     1579188     1924880
Swap:        3783676      992276     2791400
Filesystem      Size  Used Avail Use% Mounted on
tmpfs           387M  2.4M  385M   1% /run
/dev/sda2        20G   11G  7.8G  59% /
tmpfs           1.9G  4.0K  1.9G   1% /dev/shm
tmpfs           5.0M  8.0K  5.0M   1% /run/lock
tmpfs           387M  140K  387M   1% /run/user/1000
tmpfs           387M  2.6M  385M   1% /run/user/1001
 18:51:01 up  9:56,  2 users,  load average: 0.25, 0.16, 0.07
               total        used        free      shared  buff/cache   available
Mem:         3960644     2026208      390864       36500     1585208     1934436
Swap:        3783676      992244     2791432
Filesystem      Size  Used Avail Use% Mounted on
tmpfs           387M  2.4M  385M   1% /run
/dev/sda2        20G   11G  7.8G  59% /
tmpfs           1.9G  4.0K  1.9G   1% /dev/shm
tmpfs           5.0M  8.0K  5.0M   1% /run/lock
tmpfs           387M  140K  387M   1% /run/user/1000
tmpfs           387M  2.6M  385M   1% /run/user/1001
 18:52:01 up  9:57,  2 users,  load average: 0.09, 0.13, 0.07
               total        used        free      shared  buff/cache   available
Mem:         3960644     1987068      341068       34196     1671840     1973576
Swap:        3783676      926796     2856880
Filesystem      Size  Used Avail Use% Mounted on
tmpfs           387M  2.4M  385M   1% /run
/dev/sda2        20G   11G  7.8G  59% /
tmpfs           1.9G  4.0K  1.9G   1% /dev/shm
tmpfs           5.0M  8.0K  5.0M   1% /run/lock
tmpfs           387M  140K  387M   1% /run/user/1000
tmpfs           387M  2.6M  385M   1% /run/user/1001
 18:53:01 up  9:58,  2 users,  load average: 0.03, 0.10, 0.06
               total        used        free      shared  buff/cache   available
Mem:         3960644     1982028      346032       34196     1671916     1978616
Swap:        3783676      926796     2856880
Filesystem      Size  Used Avail Use% Mounted on
tmpfs           387M  2.4M  385M   1% /run
/dev/sda2        20G   11G  7.8G  59% /
tmpfs           1.9G  4.0K  1.9G   1% /dev/shm
tmpfs           5.0M  8.0K  5.0M   1% /run/lock
tmpfs           387M  140K  387M   1% /run/user/1000
tmpfs           387M  2.6M  385M   1% /run/user/1001
 18:54:01 up  9:59,  2 users,  load average: 0.01, 0.08, 0.06
               total        used        free      shared  buff/cache   available
Mem:         3960644     1981956      346032       34196     1671992     1978688
Swap:        3783676      926796     2856880
Filesystem      Size  Used Avail Use% Mounted on
tmpfs           387M  2.4M  385M   1% /run
/dev/sda2        20G   11G  7.8G  59% /
tmpfs           1.9G  4.0K  1.9G   1% /dev/shm
tmpfs           5.0M  8.0K  5.0M   1% /run/lock
tmpfs           387M  140K  387M   1% /run/user/1000
tmpfs           387M  2.6M  385M   1% /run/user/1001
 18:55:01 up 10:00,  2 users,  load average: 0.00, 0.06, 0.05
               total        used        free      shared  buff/cache   available
Mem:         3960644     1997504      330364       34200     1672112     1963140
Swap:        3783676      926404     2857272
Filesystem      Size  Used Avail Use% Mounted on
tmpfs           387M  2.4M  385M   1% /run
/dev/sda2        20G   11G  7.8G  59% /
tmpfs           1.9G  4.0K  1.9G   1% /dev/shm
tmpfs           5.0M  8.0K  5.0M   1% /run/lock
tmpfs           387M  144K  387M   1% /run/user/1000
tmpfs           387M  2.6M  385M   1% /run/user/1001
 18:56:01 up 10:01,  2 users,  load average: 0.00, 0.05, 0.04
               total        used        free      shared  buff/cache   available
Mem:         3960644     1997468      330368       34200     1672144     1963176
Swap:        3783676      926400     2857276
Filesystem      Size  Used Avail Use% Mounted on
tmpfs           387M  2.4M  385M   1% /run
/dev/sda2        20G   11G  7.8G  59% /
tmpfs           1.9G  4.0K  1.9G   1% /dev/shm
tmpfs           5.0M  8.0K  5.0M   1% /run/lock
tmpfs           387M  144K  387M   1% /run/user/1000
tmpfs           387M  2.6M  385M   1% /run/user/1001
 18:57:01 up 10:02,  2 users,  load average: 0.00, 0.04, 0.04
               total        used        free      shared  buff/cache   available
Mem:         3960644     1997376      330368       34284     1672320     1963268
Swap:        3783676      926384     2857292
Filesystem      Size  Used Avail Use% Mounted on
tmpfs           387M  2.4M  385M   1% /run
/dev/sda2        20G   11G  7.8G  59% /
tmpfs           1.9G  4.0K  1.9G   1% /dev/shm
tmpfs           5.0M  8.0K  5.0M   1% /run/lock
tmpfs           387M  144K  387M   1% /run/user/1000
tmpfs           387M  2.6M  385M   1% /run/user/1001
